c:\users\tmdwn\desktop\코딩 수업\sbs-c-plus-plus\program\class2th(class)\x64\debug\vc143.pdb
c:\users\tmdwn\desktop\코딩 수업\sbs-c-plus-plus\program\class2th(class)\x64\debug\vc143.idb
c:\users\tmdwn\desktop\코딩 수업\sbs-c-plus-plus\program\class2th(class)\x64\debug\class2th(class).obj
c:\users\tmdwn\desktop\코딩 수업\sbs-c-plus-plus\program\x64\debug\class2th(class).exe
c:\users\tmdwn\desktop\코딩 수업\sbs-c-plus-plus\program\x64\debug\class2th(class).pdb
c:\users\tmdwn\desktop\코딩 수업\sbs-c-plus-plus\program\class2th(class)\x64\debug\class2th(class).ilk
c:\users\administrator\desktop\sbs-c--\sbs-c-plus-plus\program\class2th(class)\x64\debug\class2th(class).obj
c:\users\administrator\desktop\sbs-c--\sbs-c-plus-plus\program\class2th(class)\x64\debug\class2th(class).ilk
c:\users\administrator\desktop\sbs-c--\sbs-c-plus-plus\program\class2th(class)\x64\debug\vc143.idb
c:\users\administrator\desktop\sbs-c--\sbs-c-plus-plus\program\class2th(class)\x64\debug\vc143.pdb
c:\users\administrator\desktop\sbs-c--\sbs-c-plus-plus\program\x64\debug\class2th(class).pdb
c:\users\administrator\desktop\sbs-c--\sbs-c-plus-plus\program\x64\debug\class2th(class).exe
c:\users\administrator\desktop\sbs-c--\sbs-c-plus-plus\program\class2th(class)\x64\debug\class2th(class).tlog\cl.command.1.tlog
c:\users\administrator\desktop\sbs-c--\sbs-c-plus-plus\program\class2th(class)\x64\debug\class2th(class).tlog\cl.items.tlog
c:\users\administrator\desktop\sbs-c--\sbs-c-plus-plus\program\class2th(class)\x64\debug\class2th(class).tlog\cl.read.1.tlog
c:\users\administrator\desktop\sbs-c--\sbs-c-plus-plus\program\class2th(class)\x64\debug\class2th(class).tlog\cl.write.1.tlog
c:\users\administrator\desktop\sbs-c--\sbs-c-plus-plus\program\class2th(class)\x64\debug\class2th(class).tlog\link.command.1.tlog
c:\users\administrator\desktop\sbs-c--\sbs-c-plus-plus\program\class2th(class)\x64\debug\class2th(class).tlog\link.read.1.tlog
c:\users\administrator\desktop\sbs-c--\sbs-c-plus-plus\program\class2th(class)\x64\debug\class2th(class).tlog\link.secondary.1.tlog
c:\users\administrator\desktop\sbs-c--\sbs-c-plus-plus\program\class2th(class)\x64\debug\class2th(class).tlog\link.write.1.tlog
