c:\users\tmdwn\desktop\코딩 수업\sbs-c-plus-plus\program\class3th(constructor & destructoor)\x64\debug\vc143.pdb
c:\users\tmdwn\desktop\코딩 수업\sbs-c-plus-plus\program\class3th(constructor & destructoor)\x64\debug\vc143.idb
c:\users\tmdwn\desktop\코딩 수업\sbs-c-plus-plus\program\class3th(constructor & destructoor)\x64\debug\class3th(constructor & destructoor).obj
c:\users\tmdwn\desktop\코딩 수업\sbs-c-plus-plus\program\x64\debug\class3th(constructor & destructoor).exe
c:\users\tmdwn\desktop\코딩 수업\sbs-c-plus-plus\program\x64\debug\class3th(constructor & destructoor).pdb
c:\users\tmdwn\desktop\코딩 수업\sbs-c-plus-plus\program\class3th(constructor & destructoor)\x64\debug\class3th(constructor & destructoor).ilk
c:\users\administrator\desktop\sbs-c--\sbs-c-plus-plus\program\class3th(constructor & destructoor)\x64\debug\class3th(constructor & destructoor).obj
c:\users\administrator\desktop\sbs-c--\sbs-c-plus-plus\program\class3th(constructor & destructoor)\x64\debug\class3th(constructor & destructoor).ilk
c:\users\administrator\desktop\sbs-c--\sbs-c-plus-plus\program\class3th(constructor & destructoor)\x64\debug\vc143.idb
c:\users\administrator\desktop\sbs-c--\sbs-c-plus-plus\program\class3th(constructor & destructoor)\x64\debug\vc143.pdb
c:\users\administrator\desktop\sbs-c--\sbs-c-plus-plus\program\x64\debug\class3th(constructor & destructoor).pdb
c:\users\administrator\desktop\sbs-c--\sbs-c-plus-plus\program\x64\debug\class3th(constructor & destructoor).exe
c:\users\administrator\desktop\sbs-c--\sbs-c-plus-plus\program\class3th(constructor & destructoor)\x64\debug\class3th.4b988491.tlog\cl.command.1.tlog
c:\users\administrator\desktop\sbs-c--\sbs-c-plus-plus\program\class3th(constructor & destructoor)\x64\debug\class3th.4b988491.tlog\cl.items.tlog
c:\users\administrator\desktop\sbs-c--\sbs-c-plus-plus\program\class3th(constructor & destructoor)\x64\debug\class3th.4b988491.tlog\cl.read.1.tlog
c:\users\administrator\desktop\sbs-c--\sbs-c-plus-plus\program\class3th(constructor & destructoor)\x64\debug\class3th.4b988491.tlog\cl.write.1.tlog
c:\users\administrator\desktop\sbs-c--\sbs-c-plus-plus\program\class3th(constructor & destructoor)\x64\debug\class3th.4b988491.tlog\link.command.1.tlog
c:\users\administrator\desktop\sbs-c--\sbs-c-plus-plus\program\class3th(constructor & destructoor)\x64\debug\class3th.4b988491.tlog\link.read.1.tlog
c:\users\administrator\desktop\sbs-c--\sbs-c-plus-plus\program\class3th(constructor & destructoor)\x64\debug\class3th.4b988491.tlog\link.secondary.1.tlog
c:\users\administrator\desktop\sbs-c--\sbs-c-plus-plus\program\class3th(constructor & destructoor)\x64\debug\class3th.4b988491.tlog\link.write.1.tlog
