c:\users\administrator\desktop\sbs-c--\sbs-c-plus-plus\program\program\x64\debug\vc143.pdb
c:\users\administrator\desktop\sbs-c--\sbs-c-plus-plus\program\program\x64\debug\vc143.idb
c:\users\administrator\desktop\sbs-c--\sbs-c-plus-plus\program\program\x64\debug\program.obj
c:\users\administrator\desktop\sbs-c--\sbs-c-plus-plus\program\x64\debug\program.exe
c:\users\administrator\desktop\sbs-c--\sbs-c-plus-plus\program\x64\debug\program.pdb
c:\users\administrator\desktop\sbs-c--\sbs-c-plus-plus\program\program\x64\debug\program.ilk
c:\users\administrator\desktop\sbs-c--\sbs-c-plus-plus\program\program\x64\debug\bicycle.obj
c:\users\administrator\desktop\sbs-c--\sbs-c-plus-plus\program\program\x64\debug\boat.obj
c:\users\administrator\desktop\sbs-c--\sbs-c-plus-plus\program\program\x64\debug\scooter.obj
c:\users\administrator\desktop\sbs-c--\sbs-c-plus-plus\program\program\x64\debug\vector2.obj
c:\users\administrator\desktop\sbs-c--\sbs-c-plus-plus\program\program\x64\debug\vehicle.obj
c:\users\administrator\desktop\sbs-c--\sbs-c-plus-plus\program\program\x64\debug\맴버 이니셜라이저 예제.obj
c:\users\administrator\desktop\sbs-c--\sbs-c-plus-plus\program\program\x64\debug\program.tlog\cl.command.1.tlog
c:\users\administrator\desktop\sbs-c--\sbs-c-plus-plus\program\program\x64\debug\program.tlog\cl.items.tlog
c:\users\administrator\desktop\sbs-c--\sbs-c-plus-plus\program\program\x64\debug\program.tlog\cl.read.1.tlog
c:\users\administrator\desktop\sbs-c--\sbs-c-plus-plus\program\program\x64\debug\program.tlog\cl.write.1.tlog
c:\users\administrator\desktop\sbs-c--\sbs-c-plus-plus\program\program\x64\debug\program.tlog\link.command.1.tlog
c:\users\administrator\desktop\sbs-c--\sbs-c-plus-plus\program\program\x64\debug\program.tlog\link.read.1.tlog
c:\users\administrator\desktop\sbs-c--\sbs-c-plus-plus\program\program\x64\debug\program.tlog\link.secondary.1.tlog
c:\users\administrator\desktop\sbs-c--\sbs-c-plus-plus\program\program\x64\debug\program.tlog\link.write.1.tlog
