c:\users\tmdwn\desktop\코딩 수업\sbs-c-plus-plus\program\class1th(sultion)\x64\debug\vc143.pdb
c:\users\tmdwn\desktop\코딩 수업\sbs-c-plus-plus\program\class1th(sultion)\x64\debug\vc143.idb
c:\users\tmdwn\desktop\코딩 수업\sbs-c-plus-plus\program\class1th(sultion)\x64\debug\class1th(sultion).obj
c:\users\tmdwn\desktop\코딩 수업\sbs-c-plus-plus\program\x64\debug\class1th(sultion).exe
c:\users\tmdwn\desktop\코딩 수업\sbs-c-plus-plus\program\x64\debug\class1th(sultion).pdb
c:\users\tmdwn\desktop\코딩 수업\sbs-c-plus-plus\program\class1th(sultion)\x64\debug\class1th(sultion).ilk
c:\users\administrator\desktop\sbs-c--\sbs-c-plus-plus\program\class1th(sultion)\x64\debug\class1th(sultion).obj
c:\users\administrator\desktop\sbs-c--\sbs-c-plus-plus\program\class1th(sultion)\x64\debug\class1th(sultion).ilk
c:\users\administrator\desktop\sbs-c--\sbs-c-plus-plus\program\class1th(sultion)\x64\debug\vc143.idb
c:\users\administrator\desktop\sbs-c--\sbs-c-plus-plus\program\class1th(sultion)\x64\debug\vc143.pdb
c:\users\administrator\desktop\sbs-c--\sbs-c-plus-plus\program\x64\debug\class1th(sultion).pdb
c:\users\administrator\desktop\sbs-c--\sbs-c-plus-plus\program\x64\debug\class1th(sultion).exe
c:\users\administrator\desktop\sbs-c--\sbs-c-plus-plus\program\class1th(sultion)\x64\debug\class1th.c2e1249f.tlog\cl.command.1.tlog
c:\users\administrator\desktop\sbs-c--\sbs-c-plus-plus\program\class1th(sultion)\x64\debug\class1th.c2e1249f.tlog\cl.items.tlog
c:\users\administrator\desktop\sbs-c--\sbs-c-plus-plus\program\class1th(sultion)\x64\debug\class1th.c2e1249f.tlog\cl.read.1.tlog
c:\users\administrator\desktop\sbs-c--\sbs-c-plus-plus\program\class1th(sultion)\x64\debug\class1th.c2e1249f.tlog\cl.write.1.tlog
c:\users\administrator\desktop\sbs-c--\sbs-c-plus-plus\program\class1th(sultion)\x64\debug\class1th.c2e1249f.tlog\link.command.1.tlog
c:\users\administrator\desktop\sbs-c--\sbs-c-plus-plus\program\class1th(sultion)\x64\debug\class1th.c2e1249f.tlog\link.read.1.tlog
c:\users\administrator\desktop\sbs-c--\sbs-c-plus-plus\program\class1th(sultion)\x64\debug\class1th.c2e1249f.tlog\link.secondary.1.tlog
c:\users\administrator\desktop\sbs-c--\sbs-c-plus-plus\program\class1th(sultion)\x64\debug\class1th.c2e1249f.tlog\link.write.1.tlog
